======================================================================
MAKET TABAN + DİKME — TASLAK YERLEŞİM MODELİ KONTROL RAPORU
======================================================================

[1] YÜKSEKLİK BÜTÇESİ (zeminden, mm)
  Taban sacı üstü ............... 140
  Çukur (hesaplanan) ............ 230  (paraşüt yığını 230, tampon yığını 150)
  1. durak kabin tabanı ........ 370
  2. durak kabin tabanı ........ 1170
  3. durak kabin tabanı ........ 1970
  Bölme (ek flanşı) ............. 1750
  Askı üstü, en üst fazla gidişte  2430
  Ray tepesi .................... 2460
  Dikme tepesi (toplam yükseklik)  2470
  Piston stroku ................. 850  (yol 1600 + alt 50 + üst 50) / 2
  Silindir kapalı boyu (ayak dahil) 970, kafa kotu 1110
  Makara ekseni: en alt 1265, 1. durakta 1290, en üst 2115
  Alt modül yüksekliği (teker dahil) 1750  → kapı 2000 - pay 50 = 1950: GEÇER
  Bölme kotu ile en yakın kat kapısı: 2. durak kapı üstü ≈1520, 3. durak eşiği 1970
  En üstte: askı alt kirişi üstü 2000, zincir makarası altı 2050 → boşluk 50 mm

[1b] DERİNLİK (Y) YERLEŞİMİ — önden arkaya, mm
  kat kapısı kanadı (dışarıda)                -20 .. 0
  kat kapısı kasası                             0 .. 40
  kat eşiği                                    20 .. 45
  kabin                                        75 .. 375
  askı üst kirişi                             375 .. 405
  askı alt kirişi (zincir bağlantısı)         405 .. 445
  ön zincir kolu                              420
  zincir makarası (dış)                       415 .. 545
  silindir gövdesi                            452 .. 508
  U kılavuzlar                                455 .. 505
  arka zincir kolu                            540
  arka kuşak                                  580 .. 600
  Eşik boşluğu (kabin önü - kat eşiği): 30 mm;  askı kancası kabin ağırlık merkezinin 195 mm arkasında (sırt çantası)

[2] DIŞ ÖLÇÜ (üretilecek parçalar)
  X -0..900 = 900   Y -200..800 = 1000   Z 115..2470
  Taşıma (kulaklar sökülü): 900 x 600   Fuar (kulaklar takılı): 900 x 1000

[3] PROFİL KONTROLÜ  kutu 40x40x3
  Formül 3.30 kg/m, model 3.30 kg/m, katalog 3.30 kg/m → fark %0.1
  Kuşak 40x20x2: model 1.68 kg/m, katalog 1.68  |  Çapraz 20x20x2: model 1.05 kg/m, katalog 1.05

[4] ÇAKIŞMA KONTROLÜ
  356 sabit katı + 38 hareket zarfı, 75839 çift kontrol edildi.
  Çakışma yok (tüm hacimler 0).

[4b] HAREKETLİ PARÇA BOŞLUK KONTROLÜ (en az 5 mm; tasarım gereği temas edenler hariç)
  KABIN_ASKI_YOL_ZARFI     en yakın: KILAVUZ_SAG_U50                           5.0 mm
  PISTON_MILI_YOL_ZARFI    en yakın: SILINDIR_HAVA_ALMA_VIDASI                 5.0 mm
  TEKER_1_DONME_ZARFI      en yakın: CIVATA_TEKER_1_160.0_45.0                 5.0 mm
  TEKER_2_DONME_ZARFI      en yakın: CIVATA_TEKER_2_160.0_495.0                5.0 mm
  TEKER_3_DONME_ZARFI      en yakın: CIVATA_TEKER_3_670.0_45.0                 5.0 mm
  TEKER_4_DONME_ZARFI      en yakın: CIVATA_TEKER_4_670.0_495.0                5.0 mm
  ZINCIR_YOL_ZARFI         en yakın: SILINDIR_KELEPCESI                       24.0 mm
  Tüm hareketli parçalar sabit parçalardan en az 5 mm uzakta.

[5] AĞIRLIK VE DEVRİLME (hayaletlerin kütlesi TAHMİN)
  Üretilen çelik + bağlantı: 166.9 kg,  raylar: 20.7 kg,  toplam (tahminlerle): 309 kg
  Ağırlık merkezi (kabin en üstte): x=404, y=299, z=1066
  Öne/arkaya devirmek için gereken yatay itme (kgf):
    Durum                              öne, tepeden   öne, 1,5 m  arkaya, tepeden
    Tekerler üstünde (kulak yok)                 24           39               24
    Fuar: kulaklar + ayaklar                     59           97               59
    Yana (fuar, tepeden): 43 kgf

[6] TABAN DELİKLERİ (TASLAK)
   12 x Ø11  dikme ayağı M10
    8 x Ø10  pim Ø10
   16 x Ø11  teker M10
   16 x Ø11  destek kulağı M10 + üstte kaynak somunu
    4 x Ø9  silindir ayağı M8
    4 x Ø9  yağ tavası ayağı M8
  Toplam 60 delik. Delikler arası en az 8 mm et, kenara en az 8 mm: kontrol edildi.

[7] BU TURDA TABANDA OLMAYAN DELİKLER (parça ölçüleri gelince eklenecek)
  - U kılavuz ayakları (2)
  - zincir eşitleme terazisi ayağı
  - tamponlar (2)
  - son durak şalteri çubuğu
  - panel alt profili
  - kat kapısı eşikleri
  - kablo/hortum geçişi: sağ yüzde R1 kuşağının altı (z 150..330) bu iş için boş bırakıldı

[8] İSKELET — her modül kendi içinde kaynaklı kafes
  ON   kuşakları (alt yüz z): R1=330, R2=710, R3=1130, R4=1510, R5=1700, R6=1760, R7=1930, R8=2310, R9=2430
  SOL  kuşakları (alt yüz z): R1=330, R2=710, R3=1130, R5=1700, R6=1760, R9=2430
  SAG  kuşakları (alt yüz z): R1=330, R2=710, R3=1130, R5=1700, R6=1760, R9=2430
  ARKA kuşakları (alt yüz z): R1=330, R2=710, R3=1130, R5=1700, R6=1760, R9=2430
  Çaprazlar (yan + arka, zikzak): R1-R2, R2-R3, R3-R5, R6-R9; ön yüzde çapraz yok (kat kapıları)
    R1-R2: yan çapraz kesim boyu 621 mm, açı 33°
    R2-R3: yan çapraz kesim boyu 644 mm, açı 36°
    R3-R5: yan çapraz kesim boyu 742 mm, açı 46°
    R6-R9: yan çapraz kesim boyu 817 mm, açı 50°
    R1-R2: arka çapraz kesim boyu 664 mm, açı 31°
    R2-R3: arka çapraz kesim boyu 685 mm, açı 34°
    R3-R5: arka çapraz kesim boyu 778 mm, açı 43°
    R6-R9: arka çapraz kesim boyu 850 mm, açı 48°

[8b] KAT KAPILARI (yarı otomatik, menteşeli, dışa açılır) + OTOMATİK KABİN KAPISI
  Net geçiş 180 x 310 mm, açıklık x 290..470 (kabin kapısıyla aynı)
  Eşik boşluğu (kat eşiği - kabin önü): 30 mm (sınır 35)
  Kilit: x 493..538 (kabinin sağ yanında), kam-makara boşluğu 10 mm (kam geri çekikken)
  Kanat açılma yarıçapı 221 mm; öne taşma (kanat + kol) 50 mm → taşıma derinliği 650 mm (80'lik kapıdan geçer)
  Kabin etek sacı 115 mm; en alt fazla gidişte altı z=205 (taban üstü 140)

[8c] HİDROLİK — dalgıç silindir + güç ünitesi (çıkış ve iniş invertörle)
  Piston kuvveti: yüksüz 96 kgf, gösteri yüküyle 136 kgf → basınç 30 / 42 bar (Ø20 mil)
  Debi 1.23 L/dk (kabin 13 cm/s) → pompa ~0.97 cc/dev; motor gücü ~145 W → 0,25 kW; emniyet valfi ~59 bar
  Silindir kapalı boyu 970 mm (ayak dahil), gömlek 870, mil 1025; mil en altta kafadan 115 mm dışarıda
  Burkulma (kafa kılavuzsuz, K=2): kritik yük 445 kgf, emniyet 3.3
  Piston hacmi 0.27 L; tank iç hacmi 7.8 L; ünite tepesi z=694
  Alt kafes: 38 parça, 50.2 kg, dış ölçü 650 x 600 x 1610 mm
  Üst kafes: 21 parça, 24.8 kg, dış ölçü 650 x 600 x 720 mm

[9] ÇIKTILAR
  calisma.log  (0 KB)
  kesim_listesi.csv  (2 KB)
  kontrol_raporu.txt  (7 KB)
  maket_taban_dikme.py  (100 KB)
  maket_taban_dikme.step  (10247 KB)
  onizleme.png  (492 KB)
  onizleme_ek_yeri.png  (347 KB)
  onizleme_kat_kapisi.png  (678 KB)
  onizleme_taban_kosesi.png  (486 KB)
  onizleme_unite.png  (749 KB)
  satin_alma_listesi.csv  (3 KB)
  taban_delik_tablosu_TASLAK.csv  (3 KB)
  teknik_resim_TASLAK.png  (315 KB)
